
> @makced/dashboard@0.1.0 build
> next build

▲ Next.js 16.3.3 (Turbopack)
- Environments: .env.local
✓ Running next.config.ts took 85ms

  Creating an optimized production build ...
✓ Compiled successfully in 390ms
  Running TypeScript ...
  Finished TypeScript in 6.9s ...
  Collecting page data using 6 workers ...
  Generating static pages using 6 workers (0/4) ...
  Generating static pages using 6 workers (1/4) 
  Generating static pages using 6 workers (2/4) 
  Generating static pages using 6 workers (3/4) 
✓ Generating static pages using 6 workers (4/4) in 3.2s
  Finalizing page optimization ...

Route (app)
┌ ƒ /
├ ○ /_not-found
└ ƒ /api/auth/refresh


ƒ Proxy (Middleware)

○  (Static)   prerendered as static content
ƒ  (Dynamic)  server-rendered on demand

